C:/STM32_project/Main_V2/Core/Src/main.c:80:5:main	8	static
C:/STM32_project/Main_V2/Core/Src/main.c:148:6:transmit_sensor_values	376	static
C:/STM32_project/Main_V2/Core/Src/main.c:172:6:get_values	56	static,ignoring_inline_asm
C:/STM32_project/Main_V2/Core/Src/main.c:222:6:udp_receive_callback	1152	static
C:/STM32_project/Main_V2/Core/Src/main.c:351:6:sequence	32	static
C:/STM32_project/Main_V2/Core/Src/main.c:437:6:parseAndStore	32	static
C:/STM32_project/Main_V2/Core/Src/main.c:488:6:removeProcessedValue	24	static
C:/STM32_project/Main_V2/Core/Src/main.c:501:6:spark	8	static
C:/STM32_project/Main_V2/Core/Src/main.c:508:6:emergency	8	static
C:/STM32_project/Main_V2/Core/Src/main.c:535:6:SystemClock_Config	80	static
C:/STM32_project/Main_V2/Core/Src/main.c:566:13:MX_ADC1_Init	24	static
C:/STM32_project/Main_V2/Core/Src/main.c:610:13:MX_I2C1_Init	8	static
C:/STM32_project/Main_V2/Core/Src/main.c:627:13:MX_I2C2_Init	8	static
C:/STM32_project/Main_V2/Core/Src/main.c:644:13:MX_DMA_Init	16	static
C:/STM32_project/Main_V2/Core/Src/main.c:652:13:MX_GPIO_Init	56	static
C:/STM32_project/Main_V2/Core/Src/main.c:727:6:HAL_GPIO_EXTI_Callback	16	static
C:/STM32_project/Main_V2/Core/Src/main.c:738:6:EXTI9_5_IRQHandler	8	static
C:/STM32_project/Main_V2/Core/Src/main.c:744:6:Error_Handler	4	static,ignoring_inline_asm
