C:/STM32_project/Main_V2/Core/Src/main.c:80:5:main	5
C:/STM32_project/Main_V2/Core/Src/main.c:148:6:transmit_sensor_values	2
C:/STM32_project/Main_V2/Core/Src/main.c:172:6:get_values	4
C:/STM32_project/Main_V2/Core/Src/main.c:222:6:udp_receive_callback	12
C:/STM32_project/Main_V2/Core/Src/main.c:351:6:sequence	24
C:/STM32_project/Main_V2/Core/Src/main.c:437:6:parseAndStore	10
C:/STM32_project/Main_V2/Core/Src/main.c:488:6:removeProcessedValue	2
C:/STM32_project/Main_V2/Core/Src/main.c:501:6:spark	1
C:/STM32_project/Main_V2/Core/Src/main.c:508:6:emergency	1
C:/STM32_project/Main_V2/Core/Src/main.c:535:6:SystemClock_Config	3
C:/STM32_project/Main_V2/Core/Src/main.c:566:13:MX_ADC1_Init	5
C:/STM32_project/Main_V2/Core/Src/main.c:610:13:MX_I2C1_Init	2
C:/STM32_project/Main_V2/Core/Src/main.c:627:13:MX_I2C2_Init	2
C:/STM32_project/Main_V2/Core/Src/main.c:644:13:MX_DMA_Init	1
C:/STM32_project/Main_V2/Core/Src/main.c:652:13:MX_GPIO_Init	1
C:/STM32_project/Main_V2/Core/Src/main.c:727:6:HAL_GPIO_EXTI_Callback	3
C:/STM32_project/Main_V2/Core/Src/main.c:738:6:EXTI9_5_IRQHandler	1
C:/STM32_project/Main_V2/Core/Src/main.c:744:6:Error_Handler	1
